Archive member included because of file (symbol)

/Users/Zillwc/pebble-dev/Pebble/lib/libpebble.a(tmpHP0PEBpebble.o)
                              src/pebble_server_monitor.c.7.o (app_event_loop)
/Users/Zillwc/pebble-dev/arm-cs-tools/bin/../lib/gcc/arm-none-eabi/4.7.2/thumb2/libgcc.a(_arm_addsubsf3.o)
                              src/pebble_server_monitor.c.7.o (__aeabi_i2f)
/Users/Zillwc/pebble-dev/arm-cs-tools/bin/../lib/gcc/arm-none-eabi/4.7.2/thumb2/libgcc.a(_arm_muldivsf3.o)
                              src/pebble_server_monitor.c.7.o (__aeabi_fmul)
/Users/Zillwc/pebble-dev/arm-cs-tools/bin/../lib/gcc/arm-none-eabi/4.7.2/thumb2/libgcc.a(_arm_fixsfsi.o)
                              src/pebble_server_monitor.c.7.o (__aeabi_f2iz)

Discarded input sections

 .text          0x0000000000000000        0x0 /Users/Zillwc/pebble-dev/arm-cs-tools/bin/../lib/gcc/arm-none-eabi/4.7.2/thumb2/crti.o
 .bss           0x0000000000000000        0x0 /Users/Zillwc/pebble-dev/arm-cs-tools/bin/../lib/gcc/arm-none-eabi/4.7.2/thumb2/crti.o
 .init          0x0000000000000000        0x4 /Users/Zillwc/pebble-dev/arm-cs-tools/bin/../lib/gcc/arm-none-eabi/4.7.2/thumb2/crti.o
 .fini          0x0000000000000000        0x4 /Users/Zillwc/pebble-dev/arm-cs-tools/bin/../lib/gcc/arm-none-eabi/4.7.2/thumb2/crti.o
 .text          0x0000000000000000       0xc8 /Users/Zillwc/pebble-dev/arm-cs-tools/bin/../lib/gcc/arm-none-eabi/4.7.2/thumb2/crtbegin.o
 .bss           0x0000000000000000       0x1c /Users/Zillwc/pebble-dev/arm-cs-tools/bin/../lib/gcc/arm-none-eabi/4.7.2/thumb2/crtbegin.o
 .init_array    0x0000000000000000        0x4 /Users/Zillwc/pebble-dev/arm-cs-tools/bin/../lib/gcc/arm-none-eabi/4.7.2/thumb2/crtbegin.o
 .fini_array    0x0000000000000000        0x4 /Users/Zillwc/pebble-dev/arm-cs-tools/bin/../lib/gcc/arm-none-eabi/4.7.2/thumb2/crtbegin.o
 .eh_frame      0x0000000000000000        0x0 /Users/Zillwc/pebble-dev/arm-cs-tools/bin/../lib/gcc/arm-none-eabi/4.7.2/thumb2/crtbegin.o
 .jcr           0x0000000000000000        0x0 /Users/Zillwc/pebble-dev/arm-cs-tools/bin/../lib/gcc/arm-none-eabi/4.7.2/thumb2/crtbegin.o
 .tm_clone_table
                0x0000000000000000        0x0 /Users/Zillwc/pebble-dev/arm-cs-tools/bin/../lib/gcc/arm-none-eabi/4.7.2/thumb2/crtbegin.o
 .text          0x0000000000000000        0x0 src/pebble_server_monitor.c.7.o
 .bss           0x0000000000000000        0x0 src/pebble_server_monitor.c.7.o
 .text          0x0000000000000000        0x0 appinfo.auto.c.7.o
 .bss           0x0000000000000000        0x0 appinfo.auto.c.7.o
 .bss           0x0000000000000000        0x0 /Users/Zillwc/pebble-dev/Pebble/lib/libpebble.a(tmpHP0PEBpebble.o)
 .text.accel_data_service_subscribe__deprecated
                0x0000000000000000        0xc /Users/Zillwc/pebble-dev/Pebble/lib/libpebble.a(tmpHP0PEBpebble.o)
 .text.accel_data_service_unsubscribe
                0x0000000000000000        0xc /Users/Zillwc/pebble-dev/Pebble/lib/libpebble.a(tmpHP0PEBpebble.o)
 .text.accel_service_peek
                0x0000000000000000        0xc /Users/Zillwc/pebble-dev/Pebble/lib/libpebble.a(tmpHP0PEBpebble.o)
 .text.accel_service_set_samples_per_update
                0x0000000000000000        0xc /Users/Zillwc/pebble-dev/Pebble/lib/libpebble.a(tmpHP0PEBpebble.o)
 .text.accel_service_set_sampling_rate
                0x0000000000000000        0xc /Users/Zillwc/pebble-dev/Pebble/lib/libpebble.a(tmpHP0PEBpebble.o)
 .text.accel_tap_service_subscribe
                0x0000000000000000        0xc /Users/Zillwc/pebble-dev/Pebble/lib/libpebble.a(tmpHP0PEBpebble.o)
 .text.accel_tap_service_unsubscribe
                0x0000000000000000        0xc /Users/Zillwc/pebble-dev/Pebble/lib/libpebble.a(tmpHP0PEBpebble.o)
 .text.action_bar_layer_add_to_window
                0x0000000000000000        0xc /Users/Zillwc/pebble-dev/Pebble/lib/libpebble.a(tmpHP0PEBpebble.o)
 .text.action_bar_layer_clear_icon
                0x0000000000000000        0xc /Users/Zillwc/pebble-dev/Pebble/lib/libpebble.a(tmpHP0PEBpebble.o)
 .text.action_bar_layer_create
                0x0000000000000000        0xc /Users/Zillwc/pebble-dev/Pebble/lib/libpebble.a(tmpHP0PEBpebble.o)
 .text.action_bar_layer_destroy
                0x0000000000000000        0xc /Users/Zillwc/pebble-dev/Pebble/lib/libpebble.a(tmpHP0PEBpebble.o)
 .text.action_bar_layer_get_layer
                0x0000000000000000        0xc /Users/Zillwc/pebble-dev/Pebble/lib/libpebble.a(tmpHP0PEBpebble.o)
 .text.action_bar_layer_remove_from_window
                0x0000000000000000        0xc /Users/Zillwc/pebble-dev/Pebble/lib/libpebble.a(tmpHP0PEBpebble.o)
 .text.action_bar_layer_set_background_color
                0x0000000000000000        0xc /Users/Zillwc/pebble-dev/Pebble/lib/libpebble.a(tmpHP0PEBpebble.o)
 .text.action_bar_layer_set_click_config_provider
                0x0000000000000000        0xc /Users/Zillwc/pebble-dev/Pebble/lib/libpebble.a(tmpHP0PEBpebble.o)
 .text.action_bar_layer_set_context
                0x0000000000000000        0xc /Users/Zillwc/pebble-dev/Pebble/lib/libpebble.a(tmpHP0PEBpebble.o)
 .text.action_bar_layer_set_icon
                0x0000000000000000        0xc /Users/Zillwc/pebble-dev/Pebble/lib/libpebble.a(tmpHP0PEBpebble.o)
 .text.animation_create
                0x0000000000000000        0xc /Users/Zillwc/pebble-dev/Pebble/lib/libpebble.a(tmpHP0PEBpebble.o)
 .text.animation_destroy
                0x0000000000000000        0xc /Users/Zillwc/pebble-dev/Pebble/lib/libpebble.a(tmpHP0PEBpebble.o)
 .text.animation_get_context
                0x0000000000000000        0xc /Users/Zillwc/pebble-dev/Pebble/lib/libpebble.a(tmpHP0PEBpebble.o)
 .text.animation_is_scheduled
                0x0000000000000000        0xc /Users/Zillwc/pebble-dev/Pebble/lib/libpebble.a(tmpHP0PEBpebble.o)
 .text.animation_schedule
                0x0000000000000000        0xc /Users/Zillwc/pebble-dev/Pebble/lib/libpebble.a(tmpHP0PEBpebble.o)
 .text.animation_set_curve
                0x0000000000000000        0xc /Users/Zillwc/pebble-dev/Pebble/lib/libpebble.a(tmpHP0PEBpebble.o)
 .text.animation_set_delay
                0x0000000000000000        0xc /Users/Zillwc/pebble-dev/Pebble/lib/libpebble.a(tmpHP0PEBpebble.o)
 .text.animation_set_duration
                0x0000000000000000        0xc /Users/Zillwc/pebble-dev/Pebble/lib/libpebble.a(tmpHP0PEBpebble.o)
 .text.animation_set_handlers
                0x0000000000000000        0xc /Users/Zillwc/pebble-dev/Pebble/lib/libpebble.a(tmpHP0PEBpebble.o)
 .text.animation_set_implementation
                0x0000000000000000        0xc /Users/Zillwc/pebble-dev/Pebble/lib/libpebble.a(tmpHP0PEBpebble.o)
 .text.animation_unschedule
                0x0000000000000000        0xc /Users/Zillwc/pebble-dev/Pebble/lib/libpebble.a(tmpHP0PEBpebble.o)
 .text.animation_unschedule_all
                0x0000000000000000        0xc /Users/Zillwc/pebble-dev/Pebble/lib/libpebble.a(tmpHP0PEBpebble.o)
 .text.app_comm_get_sniff_interval
                0x0000000000000000        0xc /Users/Zillwc/pebble-dev/Pebble/lib/libpebble.a(tmpHP0PEBpebble.o)
 .text.app_comm_set_sniff_interval
                0x0000000000000000        0xc /Users/Zillwc/pebble-dev/Pebble/lib/libpebble.a(tmpHP0PEBpebble.o)
 .text.app_message_deregister_callbacks
                0x0000000000000000        0xc /Users/Zillwc/pebble-dev/Pebble/lib/libpebble.a(tmpHP0PEBpebble.o)
 .text.app_sync_deinit
                0x0000000000000000        0xc /Users/Zillwc/pebble-dev/Pebble/lib/libpebble.a(tmpHP0PEBpebble.o)
 .text.app_sync_get
                0x0000000000000000        0xc /Users/Zillwc/pebble-dev/Pebble/lib/libpebble.a(tmpHP0PEBpebble.o)
 .text.app_sync_init
                0x0000000000000000        0xc /Users/Zillwc/pebble-dev/Pebble/lib/libpebble.a(tmpHP0PEBpebble.o)
 .text.app_sync_set
                0x0000000000000000        0xc /Users/Zillwc/pebble-dev/Pebble/lib/libpebble.a(tmpHP0PEBpebble.o)
 .text.app_timer_cancel
                0x0000000000000000        0xc /Users/Zillwc/pebble-dev/Pebble/lib/libpebble.a(tmpHP0PEBpebble.o)
 .text.app_timer_reschedule
                0x0000000000000000        0xc /Users/Zillwc/pebble-dev/Pebble/lib/libpebble.a(tmpHP0PEBpebble.o)
 .text.atan2_lookup
                0x0000000000000000        0xc /Users/Zillwc/pebble-dev/Pebble/lib/libpebble.a(tmpHP0PEBpebble.o)
 .text.atol     0x0000000000000000        0xc /Users/Zillwc/pebble-dev/Pebble/lib/libpebble.a(tmpHP0PEBpebble.o)
 .text.battery_state_service_peek
                0x0000000000000000        0xc /Users/Zillwc/pebble-dev/Pebble/lib/libpebble.a(tmpHP0PEBpebble.o)
 .text.battery_state_service_subscribe
                0x0000000000000000        0xc /Users/Zillwc/pebble-dev/Pebble/lib/libpebble.a(tmpHP0PEBpebble.o)
 .text.battery_state_service_unsubscribe
                0x0000000000000000        0xc /Users/Zillwc/pebble-dev/Pebble/lib/libpebble.a(tmpHP0PEBpebble.o)
 .text.bitmap_layer_create
                0x0000000000000000        0xc /Users/Zillwc/pebble-dev/Pebble/lib/libpebble.a(tmpHP0PEBpebble.o)
 .text.bitmap_layer_destroy
                0x0000000000000000        0xc /Users/Zillwc/pebble-dev/Pebble/lib/libpebble.a(tmpHP0PEBpebble.o)
 .text.bitmap_layer_get_layer
                0x0000000000000000        0xc /Users/Zillwc/pebble-dev/Pebble/lib/libpebble.a(tmpHP0PEBpebble.o)
 .text.bitmap_layer_set_alignment
                0x0000000000000000        0xc /Users/Zillwc/pebble-dev/Pebble/lib/libpebble.a(tmpHP0PEBpebble.o)
 .text.bitmap_layer_set_background_color
                0x0000000000000000        0xc /Users/Zillwc/pebble-dev/Pebble/lib/libpebble.a(tmpHP0PEBpebble.o)
 .text.bitmap_layer_set_bitmap
                0x0000000000000000        0xc /Users/Zillwc/pebble-dev/Pebble/lib/libpebble.a(tmpHP0PEBpebble.o)
 .text.bitmap_layer_set_compositing_mode
                0x0000000000000000        0xc /Users/Zillwc/pebble-dev/Pebble/lib/libpebble.a(tmpHP0PEBpebble.o)
 .text.bluetooth_connection_service_peek
                0x0000000000000000        0xc /Users/Zillwc/pebble-dev/Pebble/lib/libpebble.a(tmpHP0PEBpebble.o)
 .text.bluetooth_connection_service_subscribe
                0x0000000000000000        0xc /Users/Zillwc/pebble-dev/Pebble/lib/libpebble.a(tmpHP0PEBpebble.o)
 .text.bluetooth_connection_service_unsubscribe
                0x0000000000000000        0xc /Users/Zillwc/pebble-dev/Pebble/lib/libpebble.a(tmpHP0PEBpebble.o)
 .text.click_number_of_clicks_counted
                0x0000000000000000        0xc /Users/Zillwc/pebble-dev/Pebble/lib/libpebble.a(tmpHP0PEBpebble.o)
 .text.click_recognizer_get_button_id
                0x0000000000000000        0xc /Users/Zillwc/pebble-dev/Pebble/lib/libpebble.a(tmpHP0PEBpebble.o)
 .text.clock_copy_time_string
                0x0000000000000000        0xc /Users/Zillwc/pebble-dev/Pebble/lib/libpebble.a(tmpHP0PEBpebble.o)
 .text.clock_is_24h_style
                0x0000000000000000        0xc /Users/Zillwc/pebble-dev/Pebble/lib/libpebble.a(tmpHP0PEBpebble.o)
 .text.cos_lookup
                0x0000000000000000        0xc /Users/Zillwc/pebble-dev/Pebble/lib/libpebble.a(tmpHP0PEBpebble.o)
 .text.data_logging_create
                0x0000000000000000        0xc /Users/Zillwc/pebble-dev/Pebble/lib/libpebble.a(tmpHP0PEBpebble.o)
 .text.data_logging_finish
                0x0000000000000000        0xc /Users/Zillwc/pebble-dev/Pebble/lib/libpebble.a(tmpHP0PEBpebble.o)
 .text.data_logging_log
                0x0000000000000000        0xc /Users/Zillwc/pebble-dev/Pebble/lib/libpebble.a(tmpHP0PEBpebble.o)
 .text.dict_calc_buffer_size
                0x0000000000000000        0xc /Users/Zillwc/pebble-dev/Pebble/lib/libpebble.a(tmpHP0PEBpebble.o)
 .text.dict_calc_buffer_size_from_tuplets
                0x0000000000000000        0xc /Users/Zillwc/pebble-dev/Pebble/lib/libpebble.a(tmpHP0PEBpebble.o)
 .text.dict_merge
                0x0000000000000000        0xc /Users/Zillwc/pebble-dev/Pebble/lib/libpebble.a(tmpHP0PEBpebble.o)
 .text.dict_read_begin_from_buffer
                0x0000000000000000        0xc /Users/Zillwc/pebble-dev/Pebble/lib/libpebble.a(tmpHP0PEBpebble.o)
 .text.dict_read_first
                0x0000000000000000        0xc /Users/Zillwc/pebble-dev/Pebble/lib/libpebble.a(tmpHP0PEBpebble.o)
 .text.dict_read_next
                0x0000000000000000        0xc /Users/Zillwc/pebble-dev/Pebble/lib/libpebble.a(tmpHP0PEBpebble.o)
 .text.dict_serialize_tuplets
                0x0000000000000000        0xc /Users/Zillwc/pebble-dev/Pebble/lib/libpebble.a(tmpHP0PEBpebble.o)
 .text.dict_serialize_tuplets_to_buffer__deprecated
                0x0000000000000000        0xc /Users/Zillwc/pebble-dev/Pebble/lib/libpebble.a(tmpHP0PEBpebble.o)
 .text.dict_serialize_tuplets_to_buffer_with_iter
                0x0000000000000000        0xc /Users/Zillwc/pebble-dev/Pebble/lib/libpebble.a(tmpHP0PEBpebble.o)
 .text.dict_write_begin
                0x0000000000000000        0xc /Users/Zillwc/pebble-dev/Pebble/lib/libpebble.a(tmpHP0PEBpebble.o)
 .text.dict_write_cstring
                0x0000000000000000        0xc /Users/Zillwc/pebble-dev/Pebble/lib/libpebble.a(tmpHP0PEBpebble.o)
 .text.dict_write_data
                0x0000000000000000        0xc /Users/Zillwc/pebble-dev/Pebble/lib/libpebble.a(tmpHP0PEBpebble.o)
 .text.dict_write_int
                0x0000000000000000        0xc /Users/Zillwc/pebble-dev/Pebble/lib/libpebble.a(tmpHP0PEBpebble.o)
 .text.dict_write_int16
                0x0000000000000000        0xc /Users/Zillwc/pebble-dev/Pebble/lib/libpebble.a(tmpHP0PEBpebble.o)
 .text.dict_write_int32
                0x0000000000000000        0xc /Users/Zillwc/pebble-dev/Pebble/lib/libpebble.a(tmpHP0PEBpebble.o)
 .text.dict_write_int8
                0x0000000000000000        0xc /Users/Zillwc/pebble-dev/Pebble/lib/libpebble.a(tmpHP0PEBpebble.o)
 .text.dict_write_uint16
                0x0000000000000000        0xc /Users/Zillwc/pebble-dev/Pebble/lib/libpebble.a(tmpHP0PEBpebble.o)
 .text.dict_write_uint32
                0x0000000000000000        0xc /Users/Zillwc/pebble-dev/Pebble/lib/libpebble.a(tmpHP0PEBpebble.o)
 .text.dict_write_uint8
                0x0000000000000000        0xc /Users/Zillwc/pebble-dev/Pebble/lib/libpebble.a(tmpHP0PEBpebble.o)
 .text.fonts_get_system_font
                0x0000000000000000        0xc /Users/Zillwc/pebble-dev/Pebble/lib/libpebble.a(tmpHP0PEBpebble.o)
 .text.fonts_load_custom_font
                0x0000000000000000        0xc /Users/Zillwc/pebble-dev/Pebble/lib/libpebble.a(tmpHP0PEBpebble.o)
 .text.fonts_unload_custom_font
                0x0000000000000000        0xc /Users/Zillwc/pebble-dev/Pebble/lib/libpebble.a(tmpHP0PEBpebble.o)
 .text.free     0x0000000000000000        0xc /Users/Zillwc/pebble-dev/Pebble/lib/libpebble.a(tmpHP0PEBpebble.o)
 .text.gbitmap_create_as_sub_bitmap
                0x0000000000000000        0xc /Users/Zillwc/pebble-dev/Pebble/lib/libpebble.a(tmpHP0PEBpebble.o)
 .text.gbitmap_create_with_data
                0x0000000000000000        0xc /Users/Zillwc/pebble-dev/Pebble/lib/libpebble.a(tmpHP0PEBpebble.o)
 .text.gbitmap_create_with_resource
                0x0000000000000000        0xc /Users/Zillwc/pebble-dev/Pebble/lib/libpebble.a(tmpHP0PEBpebble.o)
 .text.gbitmap_destroy
                0x0000000000000000        0xc /Users/Zillwc/pebble-dev/Pebble/lib/libpebble.a(tmpHP0PEBpebble.o)
 .text.gmtime   0x0000000000000000        0xc /Users/Zillwc/pebble-dev/Pebble/lib/libpebble.a(tmpHP0PEBpebble.o)
 .text.gpath_create
                0x0000000000000000        0xc /Users/Zillwc/pebble-dev/Pebble/lib/libpebble.a(tmpHP0PEBpebble.o)
 .text.gpath_destroy
                0x0000000000000000        0xc /Users/Zillwc/pebble-dev/Pebble/lib/libpebble.a(tmpHP0PEBpebble.o)
 .text.gpath_draw_filled
                0x0000000000000000        0xc /Users/Zillwc/pebble-dev/Pebble/lib/libpebble.a(tmpHP0PEBpebble.o)
 .text.gpath_draw_outline
                0x0000000000000000        0xc /Users/Zillwc/pebble-dev/Pebble/lib/libpebble.a(tmpHP0PEBpebble.o)
 .text.gpath_move_to
                0x0000000000000000        0xc /Users/Zillwc/pebble-dev/Pebble/lib/libpebble.a(tmpHP0PEBpebble.o)
 .text.gpath_rotate_to
                0x0000000000000000        0xc /Users/Zillwc/pebble-dev/Pebble/lib/libpebble.a(tmpHP0PEBpebble.o)
 .text.gpoint_equal
                0x0000000000000000        0xc /Users/Zillwc/pebble-dev/Pebble/lib/libpebble.a(tmpHP0PEBpebble.o)
 .text.graphics_context_set_compositing_mode
                0x0000000000000000        0xc /Users/Zillwc/pebble-dev/Pebble/lib/libpebble.a(tmpHP0PEBpebble.o)
 .text.graphics_context_set_text_color
                0x0000000000000000        0xc /Users/Zillwc/pebble-dev/Pebble/lib/libpebble.a(tmpHP0PEBpebble.o)
 .text.graphics_draw_bitmap_in_rect
                0x0000000000000000        0xc /Users/Zillwc/pebble-dev/Pebble/lib/libpebble.a(tmpHP0PEBpebble.o)
 .text.graphics_draw_circle
                0x0000000000000000        0xc /Users/Zillwc/pebble-dev/Pebble/lib/libpebble.a(tmpHP0PEBpebble.o)
 .text.graphics_draw_line
                0x0000000000000000        0xc /Users/Zillwc/pebble-dev/Pebble/lib/libpebble.a(tmpHP0PEBpebble.o)
 .text.graphics_draw_pixel
                0x0000000000000000        0xc /Users/Zillwc/pebble-dev/Pebble/lib/libpebble.a(tmpHP0PEBpebble.o)
 .text.graphics_draw_rect
                0x0000000000000000        0xc /Users/Zillwc/pebble-dev/Pebble/lib/libpebble.a(tmpHP0PEBpebble.o)
 .text.graphics_fill_circle
                0x0000000000000000        0xc /Users/Zillwc/pebble-dev/Pebble/lib/libpebble.a(tmpHP0PEBpebble.o)
 .text.graphics_text_layout_get_max_used_size
                0x0000000000000000        0xc /Users/Zillwc/pebble-dev/Pebble/lib/libpebble.a(tmpHP0PEBpebble.o)
 .text.grect_align
                0x0000000000000000        0xc /Users/Zillwc/pebble-dev/Pebble/lib/libpebble.a(tmpHP0PEBpebble.o)
 .text.grect_center_point
                0x0000000000000000        0xc /Users/Zillwc/pebble-dev/Pebble/lib/libpebble.a(tmpHP0PEBpebble.o)
 .text.grect_clip
                0x0000000000000000        0xc /Users/Zillwc/pebble-dev/Pebble/lib/libpebble.a(tmpHP0PEBpebble.o)
 .text.grect_contains_point
                0x0000000000000000        0xc /Users/Zillwc/pebble-dev/Pebble/lib/libpebble.a(tmpHP0PEBpebble.o)
 .text.grect_crop
                0x0000000000000000        0xc /Users/Zillwc/pebble-dev/Pebble/lib/libpebble.a(tmpHP0PEBpebble.o)
 .text.grect_equal
                0x0000000000000000        0xc /Users/Zillwc/pebble-dev/Pebble/lib/libpebble.a(tmpHP0PEBpebble.o)
 .text.grect_is_empty
                0x0000000000000000        0xc /Users/Zillwc/pebble-dev/Pebble/lib/libpebble.a(tmpHP0PEBpebble.o)
 .text.grect_standardize
                0x0000000000000000        0xc /Users/Zillwc/pebble-dev/Pebble/lib/libpebble.a(tmpHP0PEBpebble.o)
 .text.gsize_equal
                0x0000000000000000        0xc /Users/Zillwc/pebble-dev/Pebble/lib/libpebble.a(tmpHP0PEBpebble.o)
 .text.layer_create
                0x0000000000000000        0xc /Users/Zillwc/pebble-dev/Pebble/lib/libpebble.a(tmpHP0PEBpebble.o)
 .text.layer_get_clips
                0x0000000000000000        0xc /Users/Zillwc/pebble-dev/Pebble/lib/libpebble.a(tmpHP0PEBpebble.o)
 .text.layer_get_frame
                0x0000000000000000        0xc /Users/Zillwc/pebble-dev/Pebble/lib/libpebble.a(tmpHP0PEBpebble.o)
 .text.layer_get_hidden
                0x0000000000000000        0xc /Users/Zillwc/pebble-dev/Pebble/lib/libpebble.a(tmpHP0PEBpebble.o)
 .text.layer_get_window
                0x0000000000000000        0xc /Users/Zillwc/pebble-dev/Pebble/lib/libpebble.a(tmpHP0PEBpebble.o)
 .text.layer_insert_above_sibling
                0x0000000000000000        0xc /Users/Zillwc/pebble-dev/Pebble/lib/libpebble.a(tmpHP0PEBpebble.o)
 .text.layer_insert_below_sibling
                0x0000000000000000        0xc /Users/Zillwc/pebble-dev/Pebble/lib/libpebble.a(tmpHP0PEBpebble.o)
 .text.layer_remove_child_layers
                0x0000000000000000        0xc /Users/Zillwc/pebble-dev/Pebble/lib/libpebble.a(tmpHP0PEBpebble.o)
 .text.layer_remove_from_parent
                0x0000000000000000        0xc /Users/Zillwc/pebble-dev/Pebble/lib/libpebble.a(tmpHP0PEBpebble.o)
 .text.layer_set_bounds
                0x0000000000000000        0xc /Users/Zillwc/pebble-dev/Pebble/lib/libpebble.a(tmpHP0PEBpebble.o)
 .text.layer_set_clips
                0x0000000000000000        0xc /Users/Zillwc/pebble-dev/Pebble/lib/libpebble.a(tmpHP0PEBpebble.o)
 .text.layer_set_frame
                0x0000000000000000        0xc /Users/Zillwc/pebble-dev/Pebble/lib/libpebble.a(tmpHP0PEBpebble.o)
 .text.layer_set_hidden
                0x0000000000000000        0xc /Users/Zillwc/pebble-dev/Pebble/lib/libpebble.a(tmpHP0PEBpebble.o)
 .text.light_enable
                0x0000000000000000        0xc /Users/Zillwc/pebble-dev/Pebble/lib/libpebble.a(tmpHP0PEBpebble.o)
 .text.light_enable_interaction
                0x0000000000000000        0xc /Users/Zillwc/pebble-dev/Pebble/lib/libpebble.a(tmpHP0PEBpebble.o)
 .text.localtime
                0x0000000000000000        0xc /Users/Zillwc/pebble-dev/Pebble/lib/libpebble.a(tmpHP0PEBpebble.o)
 .text.malloc   0x0000000000000000        0xc /Users/Zillwc/pebble-dev/Pebble/lib/libpebble.a(tmpHP0PEBpebble.o)
 .text.memcpy   0x0000000000000000        0xc /Users/Zillwc/pebble-dev/Pebble/lib/libpebble.a(tmpHP0PEBpebble.o)
 .text.memmove  0x0000000000000000        0xc /Users/Zillwc/pebble-dev/Pebble/lib/libpebble.a(tmpHP0PEBpebble.o)
 .text.menu_cell_basic_draw
                0x0000000000000000        0xc /Users/Zillwc/pebble-dev/Pebble/lib/libpebble.a(tmpHP0PEBpebble.o)
 .text.menu_cell_basic_header_draw
                0x0000000000000000        0xc /Users/Zillwc/pebble-dev/Pebble/lib/libpebble.a(tmpHP0PEBpebble.o)
 .text.menu_cell_title_draw
                0x0000000000000000        0xc /Users/Zillwc/pebble-dev/Pebble/lib/libpebble.a(tmpHP0PEBpebble.o)
 .text.menu_index_compare
                0x0000000000000000        0xc /Users/Zillwc/pebble-dev/Pebble/lib/libpebble.a(tmpHP0PEBpebble.o)
 .text.menu_layer_create
                0x0000000000000000        0xc /Users/Zillwc/pebble-dev/Pebble/lib/libpebble.a(tmpHP0PEBpebble.o)
 .text.menu_layer_destroy
                0x0000000000000000        0xc /Users/Zillwc/pebble-dev/Pebble/lib/libpebble.a(tmpHP0PEBpebble.o)
 .text.menu_layer_get_layer
                0x0000000000000000        0xc /Users/Zillwc/pebble-dev/Pebble/lib/libpebble.a(tmpHP0PEBpebble.o)
 .text.menu_layer_get_scroll_layer
                0x0000000000000000        0xc /Users/Zillwc/pebble-dev/Pebble/lib/libpebble.a(tmpHP0PEBpebble.o)
 .text.menu_layer_get_selected_index
                0x0000000000000000        0xc /Users/Zillwc/pebble-dev/Pebble/lib/libpebble.a(tmpHP0PEBpebble.o)
 .text.menu_layer_reload_data
                0x0000000000000000        0xc /Users/Zillwc/pebble-dev/Pebble/lib/libpebble.a(tmpHP0PEBpebble.o)
 .text.menu_layer_set_callbacks
                0x0000000000000000        0xc /Users/Zillwc/pebble-dev/Pebble/lib/libpebble.a(tmpHP0PEBpebble.o)
 .text.menu_layer_set_click_config_onto_window
                0x0000000000000000        0xc /Users/Zillwc/pebble-dev/Pebble/lib/libpebble.a(tmpHP0PEBpebble.o)
 .text.menu_layer_set_selected_index
                0x0000000000000000        0xc /Users/Zillwc/pebble-dev/Pebble/lib/libpebble.a(tmpHP0PEBpebble.o)
 .text.menu_layer_set_selected_next
                0x0000000000000000        0xc /Users/Zillwc/pebble-dev/Pebble/lib/libpebble.a(tmpHP0PEBpebble.o)
 .text.number_window_create
                0x0000000000000000        0xc /Users/Zillwc/pebble-dev/Pebble/lib/libpebble.a(tmpHP0PEBpebble.o)
 .text.number_window_destroy
                0x0000000000000000        0xc /Users/Zillwc/pebble-dev/Pebble/lib/libpebble.a(tmpHP0PEBpebble.o)
 .text.number_window_get_value
                0x0000000000000000        0xc /Users/Zillwc/pebble-dev/Pebble/lib/libpebble.a(tmpHP0PEBpebble.o)
 .text.number_window_set_label
                0x0000000000000000        0xc /Users/Zillwc/pebble-dev/Pebble/lib/libpebble.a(tmpHP0PEBpebble.o)
 .text.number_window_set_max
                0x0000000000000000        0xc /Users/Zillwc/pebble-dev/Pebble/lib/libpebble.a(tmpHP0PEBpebble.o)
 .text.number_window_set_min
                0x0000000000000000        0xc /Users/Zillwc/pebble-dev/Pebble/lib/libpebble.a(tmpHP0PEBpebble.o)
 .text.number_window_set_step_size
                0x0000000000000000        0xc /Users/Zillwc/pebble-dev/Pebble/lib/libpebble.a(tmpHP0PEBpebble.o)
 .text.number_window_set_value
                0x0000000000000000        0xc /Users/Zillwc/pebble-dev/Pebble/lib/libpebble.a(tmpHP0PEBpebble.o)
 .text.persist_delete
                0x0000000000000000        0xc /Users/Zillwc/pebble-dev/Pebble/lib/libpebble.a(tmpHP0PEBpebble.o)
 .text.persist_exists
                0x0000000000000000        0xc /Users/Zillwc/pebble-dev/Pebble/lib/libpebble.a(tmpHP0PEBpebble.o)
 .text.persist_get_size
                0x0000000000000000        0xc /Users/Zillwc/pebble-dev/Pebble/lib/libpebble.a(tmpHP0PEBpebble.o)
 .text.persist_read_bool
                0x0000000000000000        0xc /Users/Zillwc/pebble-dev/Pebble/lib/libpebble.a(tmpHP0PEBpebble.o)
 .text.persist_read_data__deprecated
                0x0000000000000000        0xc /Users/Zillwc/pebble-dev/Pebble/lib/libpebble.a(tmpHP0PEBpebble.o)
 .text.persist_read_int
                0x0000000000000000        0xc /Users/Zillwc/pebble-dev/Pebble/lib/libpebble.a(tmpHP0PEBpebble.o)
 .text.persist_read_string__deprecated
                0x0000000000000000        0xc /Users/Zillwc/pebble-dev/Pebble/lib/libpebble.a(tmpHP0PEBpebble.o)
 .text.persist_write_bool
                0x0000000000000000        0xc /Users/Zillwc/pebble-dev/Pebble/lib/libpebble.a(tmpHP0PEBpebble.o)
 .text.persist_write_data__deprecated
                0x0000000000000000        0xc /Users/Zillwc/pebble-dev/Pebble/lib/libpebble.a(tmpHP0PEBpebble.o)
 .text.persist_write_int
                0x0000000000000000        0xc /Users/Zillwc/pebble-dev/Pebble/lib/libpebble.a(tmpHP0PEBpebble.o)
 .text.persist_write_string
                0x0000000000000000        0xc /Users/Zillwc/pebble-dev/Pebble/lib/libpebble.a(tmpHP0PEBpebble.o)
 .text.property_animation_create
                0x0000000000000000        0xc /Users/Zillwc/pebble-dev/Pebble/lib/libpebble.a(tmpHP0PEBpebble.o)
 .text.property_animation_create_layer_frame
                0x0000000000000000        0xc /Users/Zillwc/pebble-dev/Pebble/lib/libpebble.a(tmpHP0PEBpebble.o)
 .text.property_animation_destroy
                0x0000000000000000        0xc /Users/Zillwc/pebble-dev/Pebble/lib/libpebble.a(tmpHP0PEBpebble.o)
 .text.property_animation_update_gpoint
                0x0000000000000000        0xc /Users/Zillwc/pebble-dev/Pebble/lib/libpebble.a(tmpHP0PEBpebble.o)
 .text.property_animation_update_grect
                0x0000000000000000        0xc /Users/Zillwc/pebble-dev/Pebble/lib/libpebble.a(tmpHP0PEBpebble.o)
 .text.property_animation_update_int16
                0x0000000000000000        0xc /Users/Zillwc/pebble-dev/Pebble/lib/libpebble.a(tmpHP0PEBpebble.o)
 .text.psleep   0x0000000000000000        0xc /Users/Zillwc/pebble-dev/Pebble/lib/libpebble.a(tmpHP0PEBpebble.o)
 .text.rand     0x0000000000000000        0xc /Users/Zillwc/pebble-dev/Pebble/lib/libpebble.a(tmpHP0PEBpebble.o)
 .text.resource_get_handle
                0x0000000000000000        0xc /Users/Zillwc/pebble-dev/Pebble/lib/libpebble.a(tmpHP0PEBpebble.o)
 .text.resource_load
                0x0000000000000000        0xc /Users/Zillwc/pebble-dev/Pebble/lib/libpebble.a(tmpHP0PEBpebble.o)
 .text.resource_load_byte_range
                0x0000000000000000        0xc /Users/Zillwc/pebble-dev/Pebble/lib/libpebble.a(tmpHP0PEBpebble.o)
 .text.resource_size
                0x0000000000000000        0xc /Users/Zillwc/pebble-dev/Pebble/lib/libpebble.a(tmpHP0PEBpebble.o)
 .text.rot_bitmap_layer_create
                0x0000000000000000        0xc /Users/Zillwc/pebble-dev/Pebble/lib/libpebble.a(tmpHP0PEBpebble.o)
 .text.rot_bitmap_layer_destroy
                0x0000000000000000        0xc /Users/Zillwc/pebble-dev/Pebble/lib/libpebble.a(tmpHP0PEBpebble.o)
 .text.rot_bitmap_layer_increment_angle
                0x0000000000000000        0xc /Users/Zillwc/pebble-dev/Pebble/lib/libpebble.a(tmpHP0PEBpebble.o)
 .text.rot_bitmap_layer_set_angle
                0x0000000000000000        0xc /Users/Zillwc/pebble-dev/Pebble/lib/libpebble.a(tmpHP0PEBpebble.o)
 .text.rot_bitmap_layer_set_corner_clip_color
                0x0000000000000000        0xc /Users/Zillwc/pebble-dev/Pebble/lib/libpebble.a(tmpHP0PEBpebble.o)
 .text.rot_bitmap_set_compositing_mode
                0x0000000000000000        0xc /Users/Zillwc/pebble-dev/Pebble/lib/libpebble.a(tmpHP0PEBpebble.o)
 .text.rot_bitmap_set_src_ic
                0x0000000000000000        0xc /Users/Zillwc/pebble-dev/Pebble/lib/libpebble.a(tmpHP0PEBpebble.o)
 .text.scroll_layer_add_child
                0x0000000000000000        0xc /Users/Zillwc/pebble-dev/Pebble/lib/libpebble.a(tmpHP0PEBpebble.o)
 .text.scroll_layer_create
                0x0000000000000000        0xc /Users/Zillwc/pebble-dev/Pebble/lib/libpebble.a(tmpHP0PEBpebble.o)
 .text.scroll_layer_destroy
                0x0000000000000000        0xc /Users/Zillwc/pebble-dev/Pebble/lib/libpebble.a(tmpHP0PEBpebble.o)
 .text.scroll_layer_get_content_offset
                0x0000000000000000        0xc /Users/Zillwc/pebble-dev/Pebble/lib/libpebble.a(tmpHP0PEBpebble.o)
 .text.scroll_layer_get_content_size
                0x0000000000000000        0xc /Users/Zillwc/pebble-dev/Pebble/lib/libpebble.a(tmpHP0PEBpebble.o)
 .text.scroll_layer_get_layer
                0x0000000000000000        0xc /Users/Zillwc/pebble-dev/Pebble/lib/libpebble.a(tmpHP0PEBpebble.o)
 .text.scroll_layer_get_shadow_hidden
                0x0000000000000000        0xc /Users/Zillwc/pebble-dev/Pebble/lib/libpebble.a(tmpHP0PEBpebble.o)
 .text.scroll_layer_scroll_down_click_handler
                0x0000000000000000        0xc /Users/Zillwc/pebble-dev/Pebble/lib/libpebble.a(tmpHP0PEBpebble.o)
 .text.scroll_layer_scroll_up_click_handler
                0x0000000000000000        0xc /Users/Zillwc/pebble-dev/Pebble/lib/libpebble.a(tmpHP0PEBpebble.o)
 .text.scroll_layer_set_callbacks
                0x0000000000000000        0xc /Users/Zillwc/pebble-dev/Pebble/lib/libpebble.a(tmpHP0PEBpebble.o)
 .text.scroll_layer_set_click_config_onto_window
                0x0000000000000000        0xc /Users/Zillwc/pebble-dev/Pebble/lib/libpebble.a(tmpHP0PEBpebble.o)
 .text.scroll_layer_set_content_offset
                0x0000000000000000        0xc /Users/Zillwc/pebble-dev/Pebble/lib/libpebble.a(tmpHP0PEBpebble.o)
 .text.scroll_layer_set_content_size
                0x0000000000000000        0xc /Users/Zillwc/pebble-dev/Pebble/lib/libpebble.a(tmpHP0PEBpebble.o)
 .text.scroll_layer_set_context
                0x0000000000000000        0xc /Users/Zillwc/pebble-dev/Pebble/lib/libpebble.a(tmpHP0PEBpebble.o)
 .text.scroll_layer_set_frame
                0x0000000000000000        0xc /Users/Zillwc/pebble-dev/Pebble/lib/libpebble.a(tmpHP0PEBpebble.o)
 .text.scroll_layer_set_shadow_hidden
                0x0000000000000000        0xc /Users/Zillwc/pebble-dev/Pebble/lib/libpebble.a(tmpHP0PEBpebble.o)
 .text.simple_menu_layer_create
                0x0000000000000000        0xc /Users/Zillwc/pebble-dev/Pebble/lib/libpebble.a(tmpHP0PEBpebble.o)
 .text.simple_menu_layer_destroy
                0x0000000000000000        0xc /Users/Zillwc/pebble-dev/Pebble/lib/libpebble.a(tmpHP0PEBpebble.o)
 .text.simple_menu_layer_get_layer
                0x0000000000000000        0xc /Users/Zillwc/pebble-dev/Pebble/lib/libpebble.a(tmpHP0PEBpebble.o)
 .text.simple_menu_layer_get_selected_index
                0x0000000000000000        0xc /Users/Zillwc/pebble-dev/Pebble/lib/libpebble.a(tmpHP0PEBpebble.o)
 .text.simple_menu_layer_set_selected_index
                0x0000000000000000        0xc /Users/Zillwc/pebble-dev/Pebble/lib/libpebble.a(tmpHP0PEBpebble.o)
 .text.sin_lookup
                0x0000000000000000        0xc /Users/Zillwc/pebble-dev/Pebble/lib/libpebble.a(tmpHP0PEBpebble.o)
 .text.srand    0x0000000000000000        0xc /Users/Zillwc/pebble-dev/Pebble/lib/libpebble.a(tmpHP0PEBpebble.o)
 .text.strcat   0x0000000000000000        0xc /Users/Zillwc/pebble-dev/Pebble/lib/libpebble.a(tmpHP0PEBpebble.o)
 .text.strcmp   0x0000000000000000        0xc /Users/Zillwc/pebble-dev/Pebble/lib/libpebble.a(tmpHP0PEBpebble.o)
 .text.strcpy   0x0000000000000000        0xc /Users/Zillwc/pebble-dev/Pebble/lib/libpebble.a(tmpHP0PEBpebble.o)
 .text.strftime
                0x0000000000000000        0xc /Users/Zillwc/pebble-dev/Pebble/lib/libpebble.a(tmpHP0PEBpebble.o)
 .text.strlen   0x0000000000000000        0xc /Users/Zillwc/pebble-dev/Pebble/lib/libpebble.a(tmpHP0PEBpebble.o)
 .text.strncat  0x0000000000000000        0xc /Users/Zillwc/pebble-dev/Pebble/lib/libpebble.a(tmpHP0PEBpebble.o)
 .text.strncmp  0x0000000000000000        0xc /Users/Zillwc/pebble-dev/Pebble/lib/libpebble.a(tmpHP0PEBpebble.o)
 .text.text_layer_get_content_size
                0x0000000000000000        0xc /Users/Zillwc/pebble-dev/Pebble/lib/libpebble.a(tmpHP0PEBpebble.o)
 .text.text_layer_get_text
                0x0000000000000000        0xc /Users/Zillwc/pebble-dev/Pebble/lib/libpebble.a(tmpHP0PEBpebble.o)
 .text.text_layer_set_background_color
                0x0000000000000000        0xc /Users/Zillwc/pebble-dev/Pebble/lib/libpebble.a(tmpHP0PEBpebble.o)
 .text.text_layer_set_font
                0x0000000000000000        0xc /Users/Zillwc/pebble-dev/Pebble/lib/libpebble.a(tmpHP0PEBpebble.o)
 .text.text_layer_set_overflow_mode
                0x0000000000000000        0xc /Users/Zillwc/pebble-dev/Pebble/lib/libpebble.a(tmpHP0PEBpebble.o)
 .text.text_layer_set_size
                0x0000000000000000        0xc /Users/Zillwc/pebble-dev/Pebble/lib/libpebble.a(tmpHP0PEBpebble.o)
 .text.text_layer_set_text_alignment
                0x0000000000000000        0xc /Users/Zillwc/pebble-dev/Pebble/lib/libpebble.a(tmpHP0PEBpebble.o)
 .text.text_layer_set_text_color
                0x0000000000000000        0xc /Users/Zillwc/pebble-dev/Pebble/lib/libpebble.a(tmpHP0PEBpebble.o)
 .text.tick_timer_service_subscribe
                0x0000000000000000        0xc /Users/Zillwc/pebble-dev/Pebble/lib/libpebble.a(tmpHP0PEBpebble.o)
 .text.tick_timer_service_unsubscribe
                0x0000000000000000        0xc /Users/Zillwc/pebble-dev/Pebble/lib/libpebble.a(tmpHP0PEBpebble.o)
 .text.time     0x0000000000000000        0xc /Users/Zillwc/pebble-dev/Pebble/lib/libpebble.a(tmpHP0PEBpebble.o)
 .text.time_ms  0x0000000000000000        0xc /Users/Zillwc/pebble-dev/Pebble/lib/libpebble.a(tmpHP0PEBpebble.o)
 .text.vibes_cancel
                0x0000000000000000        0xc /Users/Zillwc/pebble-dev/Pebble/lib/libpebble.a(tmpHP0PEBpebble.o)
 .text.vibes_double_pulse
                0x0000000000000000        0xc /Users/Zillwc/pebble-dev/Pebble/lib/libpebble.a(tmpHP0PEBpebble.o)
 .text.vibes_enqueue_custom_pattern
                0x0000000000000000        0xc /Users/Zillwc/pebble-dev/Pebble/lib/libpebble.a(tmpHP0PEBpebble.o)
 .text.vibes_long_pulse
                0x0000000000000000        0xc /Users/Zillwc/pebble-dev/Pebble/lib/libpebble.a(tmpHP0PEBpebble.o)
 .text.vibes_short_pulse
                0x0000000000000000        0xc /Users/Zillwc/pebble-dev/Pebble/lib/libpebble.a(tmpHP0PEBpebble.o)
 .text.window_get_click_config_provider
                0x0000000000000000        0xc /Users/Zillwc/pebble-dev/Pebble/lib/libpebble.a(tmpHP0PEBpebble.o)
 .text.window_get_fullscreen
                0x0000000000000000        0xc /Users/Zillwc/pebble-dev/Pebble/lib/libpebble.a(tmpHP0PEBpebble.o)
 .text.window_is_loaded
                0x0000000000000000        0xc /Users/Zillwc/pebble-dev/Pebble/lib/libpebble.a(tmpHP0PEBpebble.o)
 .text.window_set_background_color
                0x0000000000000000        0xc /Users/Zillwc/pebble-dev/Pebble/lib/libpebble.a(tmpHP0PEBpebble.o)
 .text.window_set_click_config_provider_with_context
                0x0000000000000000        0xc /Users/Zillwc/pebble-dev/Pebble/lib/libpebble.a(tmpHP0PEBpebble.o)
 .text.window_set_fullscreen
                0x0000000000000000        0xc /Users/Zillwc/pebble-dev/Pebble/lib/libpebble.a(tmpHP0PEBpebble.o)
 .text.window_set_status_bar_icon
                0x0000000000000000        0xc /Users/Zillwc/pebble-dev/Pebble/lib/libpebble.a(tmpHP0PEBpebble.o)
 .text.window_stack_contains_window
                0x0000000000000000        0xc /Users/Zillwc/pebble-dev/Pebble/lib/libpebble.a(tmpHP0PEBpebble.o)
 .text.window_stack_get_top_window
                0x0000000000000000        0xc /Users/Zillwc/pebble-dev/Pebble/lib/libpebble.a(tmpHP0PEBpebble.o)
 .text.window_stack_pop
                0x0000000000000000        0xc /Users/Zillwc/pebble-dev/Pebble/lib/libpebble.a(tmpHP0PEBpebble.o)
 .text.window_stack_pop_all
                0x0000000000000000        0xc /Users/Zillwc/pebble-dev/Pebble/lib/libpebble.a(tmpHP0PEBpebble.o)
 .text.window_stack_remove
                0x0000000000000000        0xc /Users/Zillwc/pebble-dev/Pebble/lib/libpebble.a(tmpHP0PEBpebble.o)
 .text.app_focus_service_subscribe
                0x0000000000000000        0xc /Users/Zillwc/pebble-dev/Pebble/lib/libpebble.a(tmpHP0PEBpebble.o)
 .text.app_focus_service_unsubscribe
                0x0000000000000000        0xc /Users/Zillwc/pebble-dev/Pebble/lib/libpebble.a(tmpHP0PEBpebble.o)
 .text.window_get_user_data
                0x0000000000000000        0xc /Users/Zillwc/pebble-dev/Pebble/lib/libpebble.a(tmpHP0PEBpebble.o)
 .text.window_set_user_data
                0x0000000000000000        0xc /Users/Zillwc/pebble-dev/Pebble/lib/libpebble.a(tmpHP0PEBpebble.o)
 .text.app_message_get_context
                0x0000000000000000        0xc /Users/Zillwc/pebble-dev/Pebble/lib/libpebble.a(tmpHP0PEBpebble.o)
 .text.app_message_inbox_size_maximum
                0x0000000000000000        0xc /Users/Zillwc/pebble-dev/Pebble/lib/libpebble.a(tmpHP0PEBpebble.o)
 .text.app_message_outbox_size_maximum
                0x0000000000000000        0xc /Users/Zillwc/pebble-dev/Pebble/lib/libpebble.a(tmpHP0PEBpebble.o)
 .text.app_message_register_outbox_sent
                0x0000000000000000        0xc /Users/Zillwc/pebble-dev/Pebble/lib/libpebble.a(tmpHP0PEBpebble.o)
 .text.app_message_set_context
                0x0000000000000000        0xc /Users/Zillwc/pebble-dev/Pebble/lib/libpebble.a(tmpHP0PEBpebble.o)
 .text.window_long_click_subscribe
                0x0000000000000000        0xc /Users/Zillwc/pebble-dev/Pebble/lib/libpebble.a(tmpHP0PEBpebble.o)
 .text.window_multi_click_subscribe
                0x0000000000000000        0xc /Users/Zillwc/pebble-dev/Pebble/lib/libpebble.a(tmpHP0PEBpebble.o)
 .text.window_raw_click_subscribe
                0x0000000000000000        0xc /Users/Zillwc/pebble-dev/Pebble/lib/libpebble.a(tmpHP0PEBpebble.o)
 .text.window_set_click_context
                0x0000000000000000        0xc /Users/Zillwc/pebble-dev/Pebble/lib/libpebble.a(tmpHP0PEBpebble.o)
 .text.window_single_repeating_click_subscribe
                0x0000000000000000        0xc /Users/Zillwc/pebble-dev/Pebble/lib/libpebble.a(tmpHP0PEBpebble.o)
 .text.graphics_draw_text
                0x0000000000000000        0xc /Users/Zillwc/pebble-dev/Pebble/lib/libpebble.a(tmpHP0PEBpebble.o)
 .text.dict_serialize_tuplets_to_buffer
                0x0000000000000000        0xc /Users/Zillwc/pebble-dev/Pebble/lib/libpebble.a(tmpHP0PEBpebble.o)
 .text.persist_read_data
                0x0000000000000000        0xc /Users/Zillwc/pebble-dev/Pebble/lib/libpebble.a(tmpHP0PEBpebble.o)
 .text.persist_read_string
                0x0000000000000000        0xc /Users/Zillwc/pebble-dev/Pebble/lib/libpebble.a(tmpHP0PEBpebble.o)
 .text.persist_write_data
                0x0000000000000000        0xc /Users/Zillwc/pebble-dev/Pebble/lib/libpebble.a(tmpHP0PEBpebble.o)
 .text.dict_size
                0x0000000000000000        0xc /Users/Zillwc/pebble-dev/Pebble/lib/libpebble.a(tmpHP0PEBpebble.o)
 .text.graphics_text_layout_get_content_size
                0x0000000000000000        0xc /Users/Zillwc/pebble-dev/Pebble/lib/libpebble.a(tmpHP0PEBpebble.o)
 .text.simple_menu_layer_get_menu_layer
                0x0000000000000000        0xc /Users/Zillwc/pebble-dev/Pebble/lib/libpebble.a(tmpHP0PEBpebble.o)
 .text.accel_data_service_subscribe
                0x0000000000000000        0xc /Users/Zillwc/pebble-dev/Pebble/lib/libpebble.a(tmpHP0PEBpebble.o)
 .text.calloc   0x0000000000000000        0xc /Users/Zillwc/pebble-dev/Pebble/lib/libpebble.a(tmpHP0PEBpebble.o)
 .text.bitmap_layer_get_bitmap
                0x0000000000000000        0xc /Users/Zillwc/pebble-dev/Pebble/lib/libpebble.a(tmpHP0PEBpebble.o)
 .bss           0x0000000000000000        0x0 /Users/Zillwc/pebble-dev/arm-cs-tools/bin/../lib/gcc/arm-none-eabi/4.7.2/thumb2/libgcc.a(_arm_addsubsf3.o)
 .bss           0x0000000000000000        0x0 /Users/Zillwc/pebble-dev/arm-cs-tools/bin/../lib/gcc/arm-none-eabi/4.7.2/thumb2/libgcc.a(_arm_muldivsf3.o)
 .bss           0x0000000000000000        0x0 /Users/Zillwc/pebble-dev/arm-cs-tools/bin/../lib/gcc/arm-none-eabi/4.7.2/thumb2/libgcc.a(_arm_fixsfsi.o)
 .text          0x0000000000000000        0x0 /Users/Zillwc/pebble-dev/arm-cs-tools/bin/../lib/gcc/arm-none-eabi/4.7.2/thumb2/crtend.o
 .bss           0x0000000000000000        0x0 /Users/Zillwc/pebble-dev/arm-cs-tools/bin/../lib/gcc/arm-none-eabi/4.7.2/thumb2/crtend.o
 .eh_frame      0x0000000000000000        0x4 /Users/Zillwc/pebble-dev/arm-cs-tools/bin/../lib/gcc/arm-none-eabi/4.7.2/thumb2/crtend.o
 .jcr           0x0000000000000000        0x4 /Users/Zillwc/pebble-dev/arm-cs-tools/bin/../lib/gcc/arm-none-eabi/4.7.2/thumb2/crtend.o
 .tm_clone_table
                0x0000000000000000        0x0 /Users/Zillwc/pebble-dev/arm-cs-tools/bin/../lib/gcc/arm-none-eabi/4.7.2/thumb2/crtend.o
 .text          0x0000000000000000        0x0 /Users/Zillwc/pebble-dev/arm-cs-tools/bin/../lib/gcc/arm-none-eabi/4.7.2/thumb2/crtn.o
 .bss           0x0000000000000000        0x0 /Users/Zillwc/pebble-dev/arm-cs-tools/bin/../lib/gcc/arm-none-eabi/4.7.2/thumb2/crtn.o
 .init          0x0000000000000000        0x8 /Users/Zillwc/pebble-dev/arm-cs-tools/bin/../lib/gcc/arm-none-eabi/4.7.2/thumb2/crtn.o
 .fini          0x0000000000000000        0x8 /Users/Zillwc/pebble-dev/arm-cs-tools/bin/../lib/gcc/arm-none-eabi/4.7.2/thumb2/crtn.o

Memory Configuration

Name             Origin             Length             Attributes
APP              0x0000000000000000 0x0000000000006000 xrw
*default*        0x0000000000000000 0xffffffffffffffff

Linker script and memory map

LOAD /Users/Zillwc/pebble-dev/arm-cs-tools/bin/../lib/gcc/arm-none-eabi/4.7.2/thumb2/crti.o
LOAD /Users/Zillwc/pebble-dev/arm-cs-tools/bin/../lib/gcc/arm-none-eabi/4.7.2/thumb2/crtbegin.o
LOAD src/pebble_server_monitor.c.7.o
LOAD appinfo.auto.c.7.o
LOAD /Users/Zillwc/pebble-dev/Pebble/lib/libpebble.a
START GROUP
LOAD /Users/Zillwc/pebble-dev/arm-cs-tools/bin/../lib/gcc/arm-none-eabi/4.7.2/thumb2/libgcc.a
LOAD /Users/Zillwc/pebble-dev/arm-cs-tools/bin/../lib/gcc/arm-none-eabi/4.7.2/../../../../arm-none-eabi/lib/thumb2/libc.a
END GROUP
LOAD /Users/Zillwc/pebble-dev/arm-cs-tools/bin/../lib/gcc/arm-none-eabi/4.7.2/thumb2/crtend.o
LOAD /Users/Zillwc/pebble-dev/arm-cs-tools/bin/../lib/gcc/arm-none-eabi/4.7.2/thumb2/crtn.o

.header         0x0000000000000000       0x82
 *(.pbl_header)
 .pbl_header    0x0000000000000000       0x82 appinfo.auto.c.7.o
                0x0000000000000000                __pbl_app_info

.text           0x0000000000000084     0x1047
 *(.text)
 .text          0x0000000000000084       0x14 /Users/Zillwc/pebble-dev/Pebble/lib/libpebble.a(tmpHP0PEBpebble.o)
 .text          0x0000000000000098      0x21c /Users/Zillwc/pebble-dev/arm-cs-tools/bin/../lib/gcc/arm-none-eabi/4.7.2/thumb2/libgcc.a(_arm_addsubsf3.o)
                0x0000000000000098                __aeabi_frsub
                0x00000000000000a0                __aeabi_fsub
                0x00000000000000a0                __subsf3
                0x00000000000000a4                __aeabi_fadd
                0x00000000000000a4                __addsf3
                0x0000000000000204                __aeabi_ui2f
                0x0000000000000204                __floatunsisf
                0x000000000000020c                __floatsisf
                0x000000000000020c                __aeabi_i2f
                0x0000000000000228                __aeabi_ul2f
                0x0000000000000228                __floatundisf
                0x0000000000000238                __aeabi_l2f
                0x0000000000000238                __floatdisf
 .text          0x00000000000002b4      0x2a0 /Users/Zillwc/pebble-dev/arm-cs-tools/bin/../lib/gcc/arm-none-eabi/4.7.2/thumb2/libgcc.a(_arm_muldivsf3.o)
                0x00000000000002b4                __mulsf3
                0x00000000000002b4                __aeabi_fmul
                0x000000000000041c                __divsf3
                0x000000000000041c                __aeabi_fdiv
 .text          0x0000000000000554       0x4c /Users/Zillwc/pebble-dev/arm-cs-tools/bin/../lib/gcc/arm-none-eabi/4.7.2/thumb2/libgcc.a(_arm_fixsfsi.o)
                0x0000000000000554                __fixsfsi
                0x0000000000000554                __aeabi_f2iz
 *(.text.*)
 .text.out_failed_handler
                0x00000000000005a0       0x18 src/pebble_server_monitor.c.7.o
 .text.in_dropped_handler
                0x00000000000005b8       0x18 src/pebble_server_monitor.c.7.o
 .text.updateBarData
                0x00000000000005d0       0x7c src/pebble_server_monitor.c.7.o
 .text.in_received_handler
                0x000000000000064c      0x25c src/pebble_server_monitor.c.7.o
 .text.fetch_msg
                0x00000000000008a8       0x58 src/pebble_server_monitor.c.7.o
 .text.init_comms
                0x0000000000000900        0x6 src/pebble_server_monitor.c.7.o
 *fill*         0x0000000000000906        0x2 
 .text.down_click_handler
                0x0000000000000908       0x24 src/pebble_server_monitor.c.7.o
 .text.up_click_handler
                0x000000000000092c       0x24 src/pebble_server_monitor.c.7.o
 .text.window_unload
                0x0000000000000950       0x84 src/pebble_server_monitor.c.7.o
 .text.progress_bar_layer_create
                0x00000000000009d4       0x3c src/pebble_server_monitor.c.7.o
 .text.window_load
                0x0000000000000a10      0x1a8 src/pebble_server_monitor.c.7.o
 .text.progress_bar_layer_update
                0x0000000000000bb8       0x76 src/pebble_server_monitor.c.7.o
 *fill*         0x0000000000000c2e        0x2 
 .text.click_config_provider
                0x0000000000000c30       0x30 src/pebble_server_monitor.c.7.o
 .text.get_all  0x0000000000000c60       0x3c src/pebble_server_monitor.c.7.o
 .text.select_click_handler
                0x0000000000000c9c       0x24 src/pebble_server_monitor.c.7.o
 .text.startup.main
                0x0000000000000cc0       0xb0 src/pebble_server_monitor.c.7.o
                0x0000000000000cc0                main
 .text.app_event_loop
                0x0000000000000d70        0xc /Users/Zillwc/pebble-dev/Pebble/lib/libpebble.a(tmpHP0PEBpebble.o)
                0x0000000000000d70                app_event_loop
 .text.app_log  0x0000000000000d7c        0xc /Users/Zillwc/pebble-dev/Pebble/lib/libpebble.a(tmpHP0PEBpebble.o)
                0x0000000000000d7c                app_log
 .text.app_message_open
                0x0000000000000d88        0xc /Users/Zillwc/pebble-dev/Pebble/lib/libpebble.a(tmpHP0PEBpebble.o)
                0x0000000000000d88                app_message_open
 .text.app_timer_register
                0x0000000000000d94        0xc /Users/Zillwc/pebble-dev/Pebble/lib/libpebble.a(tmpHP0PEBpebble.o)
                0x0000000000000d94                app_timer_register
 .text.atoi     0x0000000000000da0        0xc /Users/Zillwc/pebble-dev/Pebble/lib/libpebble.a(tmpHP0PEBpebble.o)
                0x0000000000000da0                atoi
 .text.dict_find
                0x0000000000000dac        0xc /Users/Zillwc/pebble-dev/Pebble/lib/libpebble.a(tmpHP0PEBpebble.o)
                0x0000000000000dac                dict_find
 .text.dict_write_end
                0x0000000000000db8        0xc /Users/Zillwc/pebble-dev/Pebble/lib/libpebble.a(tmpHP0PEBpebble.o)
                0x0000000000000db8                dict_write_end
 .text.dict_write_tuplet
                0x0000000000000dc4        0xc /Users/Zillwc/pebble-dev/Pebble/lib/libpebble.a(tmpHP0PEBpebble.o)
                0x0000000000000dc4                dict_write_tuplet
 .text.graphics_context_set_fill_color
                0x0000000000000dd0        0xc /Users/Zillwc/pebble-dev/Pebble/lib/libpebble.a(tmpHP0PEBpebble.o)
                0x0000000000000dd0                graphics_context_set_fill_color
 .text.graphics_context_set_stroke_color
                0x0000000000000ddc        0xc /Users/Zillwc/pebble-dev/Pebble/lib/libpebble.a(tmpHP0PEBpebble.o)
                0x0000000000000ddc                graphics_context_set_stroke_color
 .text.graphics_draw_round_rect
                0x0000000000000de8        0xc /Users/Zillwc/pebble-dev/Pebble/lib/libpebble.a(tmpHP0PEBpebble.o)
                0x0000000000000de8                graphics_draw_round_rect
 .text.graphics_fill_rect
                0x0000000000000df4        0xc /Users/Zillwc/pebble-dev/Pebble/lib/libpebble.a(tmpHP0PEBpebble.o)
                0x0000000000000df4                graphics_fill_rect
 .text.inverter_layer_create
                0x0000000000000e00        0xc /Users/Zillwc/pebble-dev/Pebble/lib/libpebble.a(tmpHP0PEBpebble.o)
                0x0000000000000e00                inverter_layer_create
 .text.inverter_layer_destroy
                0x0000000000000e0c        0xc /Users/Zillwc/pebble-dev/Pebble/lib/libpebble.a(tmpHP0PEBpebble.o)
                0x0000000000000e0c                inverter_layer_destroy
 .text.inverter_layer_get_layer
                0x0000000000000e18        0xc /Users/Zillwc/pebble-dev/Pebble/lib/libpebble.a(tmpHP0PEBpebble.o)
                0x0000000000000e18                inverter_layer_get_layer
 .text.layer_add_child
                0x0000000000000e24        0xc /Users/Zillwc/pebble-dev/Pebble/lib/libpebble.a(tmpHP0PEBpebble.o)
                0x0000000000000e24                layer_add_child
 .text.layer_create_with_data
                0x0000000000000e30        0xc /Users/Zillwc/pebble-dev/Pebble/lib/libpebble.a(tmpHP0PEBpebble.o)
                0x0000000000000e30                layer_create_with_data
 .text.layer_destroy
                0x0000000000000e3c        0xc /Users/Zillwc/pebble-dev/Pebble/lib/libpebble.a(tmpHP0PEBpebble.o)
                0x0000000000000e3c                layer_destroy
 .text.layer_get_bounds
                0x0000000000000e48        0xc /Users/Zillwc/pebble-dev/Pebble/lib/libpebble.a(tmpHP0PEBpebble.o)
                0x0000000000000e48                layer_get_bounds
 .text.layer_get_data
                0x0000000000000e54        0xc /Users/Zillwc/pebble-dev/Pebble/lib/libpebble.a(tmpHP0PEBpebble.o)
                0x0000000000000e54                layer_get_data
 .text.layer_mark_dirty
                0x0000000000000e60        0xc /Users/Zillwc/pebble-dev/Pebble/lib/libpebble.a(tmpHP0PEBpebble.o)
                0x0000000000000e60                layer_mark_dirty
 .text.layer_set_update_proc
                0x0000000000000e6c        0xc /Users/Zillwc/pebble-dev/Pebble/lib/libpebble.a(tmpHP0PEBpebble.o)
                0x0000000000000e6c                layer_set_update_proc
 .text.memset   0x0000000000000e78        0xc /Users/Zillwc/pebble-dev/Pebble/lib/libpebble.a(tmpHP0PEBpebble.o)
                0x0000000000000e78                memset
 .text.snprintf
                0x0000000000000e84        0xc /Users/Zillwc/pebble-dev/Pebble/lib/libpebble.a(tmpHP0PEBpebble.o)
                0x0000000000000e84                snprintf
 .text.strncpy  0x0000000000000e90        0xc /Users/Zillwc/pebble-dev/Pebble/lib/libpebble.a(tmpHP0PEBpebble.o)
                0x0000000000000e90                strncpy
 .text.text_layer_create
                0x0000000000000e9c        0xc /Users/Zillwc/pebble-dev/Pebble/lib/libpebble.a(tmpHP0PEBpebble.o)
                0x0000000000000e9c                text_layer_create
 .text.text_layer_destroy
                0x0000000000000ea8        0xc /Users/Zillwc/pebble-dev/Pebble/lib/libpebble.a(tmpHP0PEBpebble.o)
                0x0000000000000ea8                text_layer_destroy
 .text.text_layer_get_layer
                0x0000000000000eb4        0xc /Users/Zillwc/pebble-dev/Pebble/lib/libpebble.a(tmpHP0PEBpebble.o)
                0x0000000000000eb4                text_layer_get_layer
 .text.text_layer_set_text
                0x0000000000000ec0        0xc /Users/Zillwc/pebble-dev/Pebble/lib/libpebble.a(tmpHP0PEBpebble.o)
                0x0000000000000ec0                text_layer_set_text
 .text.window_create
                0x0000000000000ecc        0xc /Users/Zillwc/pebble-dev/Pebble/lib/libpebble.a(tmpHP0PEBpebble.o)
                0x0000000000000ecc                window_create
 .text.window_destroy
                0x0000000000000ed8        0xc /Users/Zillwc/pebble-dev/Pebble/lib/libpebble.a(tmpHP0PEBpebble.o)
                0x0000000000000ed8                window_destroy
 .text.window_get_root_layer
                0x0000000000000ee4        0xc /Users/Zillwc/pebble-dev/Pebble/lib/libpebble.a(tmpHP0PEBpebble.o)
                0x0000000000000ee4                window_get_root_layer
 .text.window_set_click_config_provider
                0x0000000000000ef0        0xc /Users/Zillwc/pebble-dev/Pebble/lib/libpebble.a(tmpHP0PEBpebble.o)
                0x0000000000000ef0                window_set_click_config_provider
 .text.window_set_window_handlers
                0x0000000000000efc        0xc /Users/Zillwc/pebble-dev/Pebble/lib/libpebble.a(tmpHP0PEBpebble.o)
                0x0000000000000efc                window_set_window_handlers
 .text.window_stack_push
                0x0000000000000f08        0xc /Users/Zillwc/pebble-dev/Pebble/lib/libpebble.a(tmpHP0PEBpebble.o)
                0x0000000000000f08                window_stack_push
 .text.app_message_outbox_begin
                0x0000000000000f14        0xc /Users/Zillwc/pebble-dev/Pebble/lib/libpebble.a(tmpHP0PEBpebble.o)
                0x0000000000000f14                app_message_outbox_begin
 .text.app_message_outbox_send
                0x0000000000000f20        0xc /Users/Zillwc/pebble-dev/Pebble/lib/libpebble.a(tmpHP0PEBpebble.o)
                0x0000000000000f20                app_message_outbox_send
 .text.app_message_register_inbox_dropped
                0x0000000000000f2c        0xc /Users/Zillwc/pebble-dev/Pebble/lib/libpebble.a(tmpHP0PEBpebble.o)
                0x0000000000000f2c                app_message_register_inbox_dropped
 .text.app_message_register_inbox_received
                0x0000000000000f38        0xc /Users/Zillwc/pebble-dev/Pebble/lib/libpebble.a(tmpHP0PEBpebble.o)
                0x0000000000000f38                app_message_register_inbox_received
 .text.app_message_register_outbox_failed
                0x0000000000000f44        0xc /Users/Zillwc/pebble-dev/Pebble/lib/libpebble.a(tmpHP0PEBpebble.o)
                0x0000000000000f44                app_message_register_outbox_failed
 .text.window_single_click_subscribe
                0x0000000000000f50        0xc /Users/Zillwc/pebble-dev/Pebble/lib/libpebble.a(tmpHP0PEBpebble.o)
                0x0000000000000f50                window_single_click_subscribe
 *(.rodata)
 .rodata        0x0000000000000f5c       0x38 src/pebble_server_monitor.c.7.o
 *(.rodata*)
 .rodata.str1.1
                0x0000000000000f94      0x137 src/pebble_server_monitor.c.7.o

.glue_7         0x00000000000010cc        0x0
 .glue_7        0x0000000000000000        0x0 linker stubs

.glue_7t        0x00000000000010cc        0x0
 .glue_7t       0x0000000000000000        0x0 linker stubs

.vfp11_veneer   0x00000000000010cc        0x0
 .vfp11_veneer  0x0000000000000000        0x0 linker stubs

.v4_bx          0x00000000000010cc        0x0
 .v4_bx         0x0000000000000000        0x0 linker stubs

.iplt           0x00000000000010cc        0x0
 .iplt          0x0000000000000000        0x0 /Users/Zillwc/pebble-dev/arm-cs-tools/bin/../lib/gcc/arm-none-eabi/4.7.2/thumb2/crtbegin.o

.rel.dyn        0x00000000000010cc        0x0
 .rel.iplt      0x0000000000000000        0x0 /Users/Zillwc/pebble-dev/arm-cs-tools/bin/../lib/gcc/arm-none-eabi/4.7.2/thumb2/crtbegin.o

.data           0x00000000000010cc        0x8
 *(.data)
 .data          0x00000000000010cc        0x0 /Users/Zillwc/pebble-dev/arm-cs-tools/bin/../lib/gcc/arm-none-eabi/4.7.2/thumb2/crti.o
 .data          0x00000000000010cc        0x4 /Users/Zillwc/pebble-dev/arm-cs-tools/bin/../lib/gcc/arm-none-eabi/4.7.2/thumb2/crtbegin.o
                0x00000000000010cc                __dso_handle
 .data          0x00000000000010d0        0x0 src/pebble_server_monitor.c.7.o
 .data          0x00000000000010d0        0x0 appinfo.auto.c.7.o
 .data          0x00000000000010d0        0x0 /Users/Zillwc/pebble-dev/Pebble/lib/libpebble.a(tmpHP0PEBpebble.o)
 .data          0x00000000000010d0        0x0 /Users/Zillwc/pebble-dev/arm-cs-tools/bin/../lib/gcc/arm-none-eabi/4.7.2/thumb2/libgcc.a(_arm_addsubsf3.o)
 .data          0x00000000000010d0        0x0 /Users/Zillwc/pebble-dev/arm-cs-tools/bin/../lib/gcc/arm-none-eabi/4.7.2/thumb2/libgcc.a(_arm_muldivsf3.o)
 .data          0x00000000000010d0        0x0 /Users/Zillwc/pebble-dev/arm-cs-tools/bin/../lib/gcc/arm-none-eabi/4.7.2/thumb2/libgcc.a(_arm_fixsfsi.o)
 .data          0x00000000000010d0        0x0 /Users/Zillwc/pebble-dev/arm-cs-tools/bin/../lib/gcc/arm-none-eabi/4.7.2/thumb2/crtend.o
 .data          0x00000000000010d0        0x0 /Users/Zillwc/pebble-dev/arm-cs-tools/bin/../lib/gcc/arm-none-eabi/4.7.2/thumb2/crtn.o
 *(.data.*)
 .data.update_interval
                0x00000000000010d0        0x4 src/pebble_server_monitor.c.7.o

.igot.plt       0x00000000000010d4        0x0
 .igot.plt      0x0000000000000000        0x0 /Users/Zillwc/pebble-dev/arm-cs-tools/bin/../lib/gcc/arm-none-eabi/4.7.2/thumb2/crtbegin.o

.bss            0x00000000000010d4       0xa4
 *(.bss)
 *(.bss.*)
 .bss.progress_bar_mem
                0x00000000000010d4        0x4 src/pebble_server_monitor.c.7.o
 .bss.window    0x00000000000010d8        0x4 src/pebble_server_monitor.c.7.o
 .bss.progress_bar_cpu
                0x00000000000010dc        0x4 src/pebble_server_monitor.c.7.o
 .bss.cpu_usage_text
                0x00000000000010e0        0x4 src/pebble_server_monitor.c.7.o
 .bss.iLayer    0x00000000000010e4        0x4 src/pebble_server_monitor.c.7.o
 .bss.cpu       0x00000000000010e8        0xa src/pebble_server_monitor.c.7.o
 .bss.mem       0x00000000000010f2        0xa src/pebble_server_monitor.c.7.o
 .bss.refresh_timer
                0x00000000000010fc        0x4 src/pebble_server_monitor.c.7.o
 .bss.ip_text   0x0000000000001100        0x4 src/pebble_server_monitor.c.7.o
 .bss.ip        0x0000000000001104       0x1a src/pebble_server_monitor.c.7.o
 .bss.host      0x000000000000111e       0x1a src/pebble_server_monitor.c.7.o
 .bss.auto_update_prev
                0x0000000000001138        0x4 src/pebble_server_monitor.c.7.o
 .bss.port      0x000000000000113c       0x10 src/pebble_server_monitor.c.7.o
 .bss.auto_update
                0x000000000000114c        0x4 src/pebble_server_monitor.c.7.o
 .bss.port_text
                0x0000000000001150        0x4 src/pebble_server_monitor.c.7.o
 .bss.logBuff   0x0000000000001154       0x18 src/pebble_server_monitor.c.7.o
 .bss.hostname_text
                0x000000000000116c        0x4 src/pebble_server_monitor.c.7.o
 .bss.debug_text
                0x0000000000001170        0x4 src/pebble_server_monitor.c.7.o
 .bss.mem_usage_text
                0x0000000000001174        0x4 src/pebble_server_monitor.c.7.o

DISCARD
 libc.a(*)
 libm.a(*)
 libgcc.a(*)
 *(.eh_frame)
OUTPUT(/Users/Zillwc/Downloads/pebble_server_monitor-master/watchapp/build/pebble-app.elf elf32-littlearm)

.ARM.attributes
                0x0000000000000000       0x27
 .ARM.attributes
                0x0000000000000000       0x19 /Users/Zillwc/pebble-dev/arm-cs-tools/bin/../lib/gcc/arm-none-eabi/4.7.2/thumb2/crti.o
 .ARM.attributes
                0x0000000000000019       0x29 /Users/Zillwc/pebble-dev/arm-cs-tools/bin/../lib/gcc/arm-none-eabi/4.7.2/thumb2/crtbegin.o
 .ARM.attributes
                0x0000000000000042       0x33 src/pebble_server_monitor.c.7.o
 .ARM.attributes
                0x0000000000000075       0x33 appinfo.auto.c.7.o
 .ARM.attributes
                0x00000000000000a8       0x21 /Users/Zillwc/pebble-dev/Pebble/lib/libpebble.a(tmpHP0PEBpebble.o)
 .ARM.attributes
                0x00000000000000c9       0x19 /Users/Zillwc/pebble-dev/arm-cs-tools/bin/../lib/gcc/arm-none-eabi/4.7.2/thumb2/libgcc.a(_arm_addsubsf3.o)
 .ARM.attributes
                0x00000000000000e2       0x19 /Users/Zillwc/pebble-dev/arm-cs-tools/bin/../lib/gcc/arm-none-eabi/4.7.2/thumb2/libgcc.a(_arm_muldivsf3.o)
 .ARM.attributes
                0x00000000000000fb       0x19 /Users/Zillwc/pebble-dev/arm-cs-tools/bin/../lib/gcc/arm-none-eabi/4.7.2/thumb2/libgcc.a(_arm_fixsfsi.o)
 .ARM.attributes
                0x0000000000000114       0x29 /Users/Zillwc/pebble-dev/arm-cs-tools/bin/../lib/gcc/arm-none-eabi/4.7.2/thumb2/crtend.o
 .ARM.attributes
                0x000000000000013d       0x19 /Users/Zillwc/pebble-dev/arm-cs-tools/bin/../lib/gcc/arm-none-eabi/4.7.2/thumb2/crtn.o

.comment        0x0000000000000000       0x4e
 .comment       0x0000000000000000       0x4e /Users/Zillwc/pebble-dev/arm-cs-tools/bin/../lib/gcc/arm-none-eabi/4.7.2/thumb2/crtbegin.o
                                         0x4f (size before relaxing)
 .comment       0x0000000000000000       0x4f src/pebble_server_monitor.c.7.o
 .comment       0x0000000000000000       0x4f appinfo.auto.c.7.o
 .comment       0x0000000000000000       0x4f /Users/Zillwc/pebble-dev/arm-cs-tools/bin/../lib/gcc/arm-none-eabi/4.7.2/thumb2/crtend.o

.debug_info     0x0000000000000000     0x2124
 .debug_info    0x0000000000000000     0x1bcd src/pebble_server_monitor.c.7.o
 .debug_info    0x0000000000001bcd      0x32c appinfo.auto.c.7.o
 .debug_info    0x0000000000001ef9       0xb9 /Users/Zillwc/pebble-dev/arm-cs-tools/bin/../lib/gcc/arm-none-eabi/4.7.2/thumb2/libgcc.a(_arm_addsubsf3.o)
 .debug_info    0x0000000000001fb2       0xb9 /Users/Zillwc/pebble-dev/arm-cs-tools/bin/../lib/gcc/arm-none-eabi/4.7.2/thumb2/libgcc.a(_arm_muldivsf3.o)
 .debug_info    0x000000000000206b       0xb9 /Users/Zillwc/pebble-dev/arm-cs-tools/bin/../lib/gcc/arm-none-eabi/4.7.2/thumb2/libgcc.a(_arm_fixsfsi.o)

.debug_abbrev   0x0000000000000000      0x4e7
 .debug_abbrev  0x0000000000000000      0x3f7 src/pebble_server_monitor.c.7.o
 .debug_abbrev  0x00000000000003f7       0xb4 appinfo.auto.c.7.o
 .debug_abbrev  0x00000000000004ab       0x14 /Users/Zillwc/pebble-dev/arm-cs-tools/bin/../lib/gcc/arm-none-eabi/4.7.2/thumb2/libgcc.a(_arm_addsubsf3.o)
 .debug_abbrev  0x00000000000004bf       0x14 /Users/Zillwc/pebble-dev/arm-cs-tools/bin/../lib/gcc/arm-none-eabi/4.7.2/thumb2/libgcc.a(_arm_muldivsf3.o)
 .debug_abbrev  0x00000000000004d3       0x14 /Users/Zillwc/pebble-dev/arm-cs-tools/bin/../lib/gcc/arm-none-eabi/4.7.2/thumb2/libgcc.a(_arm_fixsfsi.o)

.debug_loc      0x0000000000000000      0x6be
 .debug_loc     0x0000000000000000      0x6be src/pebble_server_monitor.c.7.o

.debug_aranges  0x0000000000000000      0x110
 .debug_aranges
                0x0000000000000000       0x98 src/pebble_server_monitor.c.7.o
 .debug_aranges
                0x0000000000000098       0x18 appinfo.auto.c.7.o
 .debug_aranges
                0x00000000000000b0       0x20 /Users/Zillwc/pebble-dev/arm-cs-tools/bin/../lib/gcc/arm-none-eabi/4.7.2/thumb2/libgcc.a(_arm_addsubsf3.o)
 .debug_aranges
                0x00000000000000d0       0x20 /Users/Zillwc/pebble-dev/arm-cs-tools/bin/../lib/gcc/arm-none-eabi/4.7.2/thumb2/libgcc.a(_arm_muldivsf3.o)
 .debug_aranges
                0x00000000000000f0       0x20 /Users/Zillwc/pebble-dev/arm-cs-tools/bin/../lib/gcc/arm-none-eabi/4.7.2/thumb2/libgcc.a(_arm_fixsfsi.o)

.debug_ranges   0x0000000000000000       0xa0
 .debug_ranges  0x0000000000000000       0xa0 src/pebble_server_monitor.c.7.o

.debug_line     0x0000000000000000      0x7a6
 .debug_line    0x0000000000000000      0x3b1 src/pebble_server_monitor.c.7.o
 .debug_line    0x00000000000003b1       0xfe appinfo.auto.c.7.o
 .debug_line    0x00000000000004af      0x128 /Users/Zillwc/pebble-dev/arm-cs-tools/bin/../lib/gcc/arm-none-eabi/4.7.2/thumb2/libgcc.a(_arm_addsubsf3.o)
 .debug_line    0x00000000000005d7      0x149 /Users/Zillwc/pebble-dev/arm-cs-tools/bin/../lib/gcc/arm-none-eabi/4.7.2/thumb2/libgcc.a(_arm_muldivsf3.o)
 .debug_line    0x0000000000000720       0x86 /Users/Zillwc/pebble-dev/arm-cs-tools/bin/../lib/gcc/arm-none-eabi/4.7.2/thumb2/libgcc.a(_arm_fixsfsi.o)

.debug_str      0x0000000000000000      0xe38
 .debug_str     0x0000000000000000      0xcb9 src/pebble_server_monitor.c.7.o
                                        0xd88 (size before relaxing)
 .debug_str     0x0000000000000cb9      0x17f appinfo.auto.c.7.o
                                        0x29e (size before relaxing)

.debug_frame    0x0000000000000000      0x1ac
 .debug_frame   0x0000000000000000      0x1ac src/pebble_server_monitor.c.7.o
